[dotenv@17.2.0] injecting env (0) from .env (tip: ΓÜÖ∩╕Å  specify custom .env file path with { path: '/custom/path/.env' })
≡ƒÜÇ Starting Persistence Logic Test...
node : Γ¥î Test Error: MongooseError: The `uri` 
parameter to `openUri()` must be a string, got 
"undefined". Make sure the first parameter to 
`mongoose.connect()` or 
`mongoose.createConnection()` is a string.
At line:1 char:1
+ node scripts/test-persistence.js > 
test_output.txt 2>&1
+ ~~~~~~~~~~~~~~~~~~~~~~~~~~~~~~~~~~~~~~~~~~~~~~~~~
~~~~~~
    + CategoryInfo          : NotSpecified: (Γ¥î T 
   est Error:...)` is a string.:String) [], Remot  
  eException
    + FullyQualifiedErrorId : NativeCommandError
 
    at NativeConnection.createClient (E:\incubation
-ims\IMS-Backend\node_modules\mongoose\lib\drivers\
node-mongodb-native\connection.js:237:11)
    at NativeConnection.openUri (E:\incubation-ims\
IMS-Backend\node_modules\mongoose\lib\connection.js
:1071:34)
    at Mongoose.connect (E:\incubation-ims\IMS-Back
end\node_modules\mongoose\lib\mongoose.js:450:15)
    at runTest (E:\incubation-ims\IMS-Backend\scrip
ts\test-persistence.js:27:24)
    at Object.<anonymous> (E:\incubation-ims\IMS-Ba
ckend\scripts\test-persistence.js:163:1)
    at Module._compile 
(node:internal/modules/cjs/loader:1730:14)
    at Object..js 
(node:internal/modules/cjs/loader:1895:10)
    at Module.load 
(node:internal/modules/cjs/loader:1465:32)
    at Function._load 
(node:internal/modules/cjs/loader:1282:12)
    at TracingChannel.traceSync 
(node:diagnostics_channel:322:14)
